// Jest Snapshot v1, https://goo.gl/fbAQLP

exports[`The gallery component. Should match the snapshot. 1`] = `
.emotion-8 {
  display: inline-block;
  width: 100%;
  height: auto;
  padding: 0rem;
  margin: 0rem;
  -webkit-text-decoration: none;
  text-decoration: none;
}

@media (min-width:720px) {
  .emotion-8 {
    -webkit-transition: all 0.2s ease-in-out;
    transition: all 0.2s ease-in-out;
    -webkit-transform-origin: 50% 50%;
    -ms-transform-origin: 50% 50%;
    transform-origin: 50% 50%;
  }

  .emotion-8:hover,
  .emotion-8:active,
  .emotion-8:focus,
  .emotion-8:focus-within {
    -webkit-transform: scale(1.1,1.1);
    -ms-transform: scale(1.1,1.1);
    transform: scale(1.1,1.1);
  }
}

.emotion-2 {
  width: 100%;
  height: auto;
  padding: 0rem;
  margin: 0rem;
}

.emotion-1 {
  display: -webkit-inline-box;
  display: -webkit-inline-flex;
  display: -ms-inline-flexbox;
  display: inline-flex;
  width: 100%;
  height: auto;
  position: relative;
  padding: 1px;
  margin: 0rem;
  overflow: hidden;
  background-color: hsla(0,0%,14%,1);
  background-image: linear-gradient( 170deg, hsla(0,0%,30%,1), hsla(0,0%,10%,1), hsla(0,0%,17%,1) );
  box-shadow: 0.4rem 0.8rem 2rem 0rem hsla(0,0%,0%,0.5);
}

.emotion-0 {
  display: block;
  width: 100%;
  height: 100%;
  margin: 0rem;
  padding: 0rem;
  background-color: hsla(0,0%,14%,1);
  background-image: linear-gradient( 170deg, hsla(0,0%,14%,1), hsla(0,0%,8%,1) );
}

.emotion-7 {
  padding: 2rem;
}

.emotion-3 {
  font-size: 1.2rem;
  font-family: "Open Sans",sans-serif;
  font-weight: 400;
  margin-bottom: 0;
}

.emotion-4 {
  font-size: 1rem;
  font-family: "Open Sans",sans-serif;
  font-weight: 400;
  line-height: 1.4rem;
  color: hsla(48,7%,70%,1);
}

<a
  class="emotion-8"
  data-testid="gallery__thumb"
  href="www.google.com"
>
  <div
    class="emotion-2"
  >
    <div
      class="emotion-1"
    >
      <div
        class="emotion-0"
      >
        <picture>
          <source
            data-testid="picture__source"
            media="min-width(320px)"
            srcset="test_small.jpg"
          />
          <source
            data-testid="picture__source"
            media="min-width(480px)"
            srcset="test_medium.jpg"
          />
          <source
            data-testid="picture__source"
            media="min-width(720px)"
            srcset="test_large.jpg"
          />
          <img
            alt="Test 1 - A test image."
            src="test.jpg"
          />
        </picture>
      </div>
    </div>
  </div>
  <div
    class="emotion-7"
  >
    <div
      class="emotion-1"
    >
      <div
        class="emotion-0"
      >
        <h3
          class="emotion-3"
        >
          Test 1
        </h3>
        <p
          class="emotion-4"
        >
          A test image.
        </p>
      </div>
    </div>
  </div>
</a>
`;
