// Jest Snapshot v1, https://goo.gl/fbAQLP

exports[`The Occupation component. Matches the snapshot. 1`] = `
.emotion-0 {
  font-family: "Open Sans",sans-serif;
  font-size: 1.4rem;
  font-weight: 300;
  margin-bottom: calc(2rem / 2);
}

.emotion-6 {
  padding-bottom: calc(2rem * 0.5);
  margin-bottom: 2rem;
  border-bottom: thin solid hsla(48,7%,30%,1);
}

.emotion-6:last-of-type {
  border-bottom: none;
  padding-bottom: 0;
  margin-bottom: 0;
}

.emotion-1 {
  font-family: "Open Sans",sans-serif;
  font-size: 1rem;
  font-weight: 400;
  margin-bottom: 1rem;
}

.emotion-2 {
  display: inline-block;
  font-family: "Open Sans",sans-serif;
  font-style: italic;
  font-weight: 400;
  color: hsla(0,0%,70%,1);
  padding-bottom: calc(2rem / 2);
  margin-bottom: calc(2rem / 2);
  border-bottom: thin dotted hsla(48,7%,30%,1);
}

.emotion-5 {
  list-style-type: circle;
}

.emotion-3 {
  display: list-item;
  font-family: "Open Sans",sans-serif;
  font-weight: 400;
  line-height: 1.6rem;
  padding-left: 0.5rem;
  margin-left: 2rem;
  margin-bottom: calc(2rem / 2);
}

.emotion-3::before {
  right: 1rem;
  opacity: 0.5;
}

<dl>
  <dt
    class="emotion-0"
    data-testid="occupation__job-title"
  >
    Sr. UI Developer
  </dt>
  <dd
    class="emotion-6"
    data-testid="occupation__job-description"
  >
    <p
      class="emotion-1"
    >
      Some Organization
    </p>
    <p
      class="emotion-2"
    >
      Jan 1, 2021 - Dec 31, 2021
    </p>
    <ul
      class="emotion-5"
      data-testid="unordered-list"
      title="Responsibilities"
    >
      <li
        class="emotion-3"
        data-testid="unordered-list__item"
      >
        Foo
      </li>
      <li
        class="emotion-3"
        data-testid="unordered-list__item"
      >
        Bar
      </li>
    </ul>
  </dd>
</dl>
`;
