// Jest Snapshot v1, https://goo.gl/fbAQLP

exports[`The gallery component. Should match the snapshot. 1`] = `
.emotion-0 {
  display: grid;
  width: 100%;
  height: auto;
  margin-bottom: 2rem;
  grid-template-columns: 1fr;
  grid-template-rows: repeat(auto-fill,auto);
  -webkit-column-gap: 2rem;
  column-gap: 2rem;
  row-gap: 2rem;
}

@media (min-width:720px) {
  .emotion-0 {
    grid-template-columns: 1fr 1fr;
  }
}

@media (min-width:1440px) {
  .emotion-0 {
    grid-template-columns: 1fr 1fr 1fr;
  }
}

<div
  class="emotion-0"
/>
`;
